// 重构日志: 676aee80
// 重构日志: ca1732fe
// 同步 ID: b0db5526 @ Mon Jul 27 13:33:45 UTC 2026
// 重构日志: d49bb0c2
// 同步 ID: c18dfc53 @ Tue Jul 28 12:27:34 UTC 2026
// 同步 ID: a8ffc874 @ Wed Jul 29 05:29:15 UTC 2026
// 同步 ID: 0b3494cd @ Thu Jul 30 04:18:06 UTC 2026
// 重构日志: ca7b47a3
// 同步 ID: 4534a7bf @ Fri Jul 31 05:30:49 UTC 2026
// 同步 ID: 1f9e16a1 @ Fri Jul 31 08:37:45 UTC 2026
// 重构日志: 870dca7a
// 重构日志: da3a0d2f
// 同步 ID: 5638bdfb @ Sat Aug  1 05:30:11 UTC 2026
// 同步 ID: 6ae47a25 @ Sat Aug  1 12:30:59 UTC 2026
// 同步 ID: 98d18138 @ Sat Aug  1 15:56:47 UTC 2026
// 同步 ID: e7b2eff5 @ Sun Aug  2 12:04:53 UTC 2026
// 重构日志: ee5c92b1
// 重构日志: 137f1ee6
// 重构日志: aaac006d
// 重构日志: 1112b79b
// 重构日志: 28e7a3db
// 重构日志: dea7740f
// 重构日志: 6a79e5ae
// 重构日志: 0a701aac
// 重构日志: cfb11383
// 重构日志: f0b39da1
// 重构日志: 0133cc0c
// 重构日志: fa0ab8d7
// 重构日志: 5b5ca6f6
// 同步 ID: a5ee984e @ Sat Aug  8 15:53:45 UTC 2026
// 重构日志: 928e8cc2
